\BOOKMARK [0][-]{chapter.1}{\376\377\0001\000\040\000D\000i\000r\000e\000c\000t\000o\000r\000y\000\040\000H\000i\000e\000r\000a\000r\000c\000h\000y}{}% 1
\BOOKMARK [1][-]{section.1.1}{\376\377\0001\000.\0001\000\040\000D\000i\000r\000e\000c\000t\000o\000r\000i\000e\000s}{chapter.1}% 2
\BOOKMARK [0][-]{chapter.2}{\376\377\0002\000\040\000H\000i\000e\000r\000a\000r\000c\000h\000i\000c\000a\000l\000\040\000I\000n\000d\000e\000x}{}% 3
\BOOKMARK [1][-]{section.2.1}{\376\377\0002\000.\0001\000\040\000C\000l\000a\000s\000s\000\040\000H\000i\000e\000r\000a\000r\000c\000h\000y}{chapter.2}% 4
\BOOKMARK [0][-]{chapter.3}{\376\377\0003\000\040\000C\000l\000a\000s\000s\000\040\000I\000n\000d\000e\000x}{}% 5
\BOOKMARK [1][-]{section.3.1}{\376\377\0003\000.\0001\000\040\000C\000l\000a\000s\000s\000\040\000L\000i\000s\000t}{chapter.3}% 6
\BOOKMARK [0][-]{chapter.4}{\376\377\0004\000\040\000F\000i\000l\000e\000\040\000I\000n\000d\000e\000x}{}% 7
\BOOKMARK [1][-]{section.4.1}{\376\377\0004\000.\0001\000\040\000F\000i\000l\000e\000\040\000L\000i\000s\000t}{chapter.4}% 8
\BOOKMARK [0][-]{chapter.5}{\376\377\0005\000\040\000D\000i\000r\000e\000c\000t\000o\000r\000y\000\040\000D\000o\000c\000u\000m\000e\000n\000t\000a\000t\000i\000o\000n}{}% 9
\BOOKMARK [1][-]{section.5.1}{\376\377\0005\000.\0001\000\040\000i\000n\000c\000l\000u\000d\000e\000\040\000D\000i\000r\000e\000c\000t\000o\000r\000y\000\040\000R\000e\000f\000e\000r\000e\000n\000c\000e}{chapter.5}% 10
\BOOKMARK [1][-]{section.5.2}{\376\377\0005\000.\0002\000\040\000s\000r\000c\000\040\000D\000i\000r\000e\000c\000t\000o\000r\000y\000\040\000R\000e\000f\000e\000r\000e\000n\000c\000e}{chapter.5}% 11
\BOOKMARK [0][-]{chapter.6}{\376\377\0006\000\040\000C\000l\000a\000s\000s\000\040\000D\000o\000c\000u\000m\000e\000n\000t\000a\000t\000i\000o\000n}{}% 12
\BOOKMARK [1][-]{section.6.1}{\376\377\0006\000.\0001\000\040\000S\000t\000u\000d\000e\000n\000t\000a\000s\000\040\000C\000l\000a\000s\000s\000\040\000R\000e\000f\000e\000r\000e\000n\000c\000e}{chapter.6}% 13
\BOOKMARK [2][-]{subsection.6.1.1}{\376\377\0006\000.\0001\000.\0001\000\040\000C\000o\000n\000s\000t\000r\000u\000c\000t\000o\000r\000\040\000\046\000\040\000D\000e\000s\000t\000r\000u\000c\000t\000o\000r\000\040\000D\000o\000c\000u\000m\000e\000n\000t\000a\000t\000i\000o\000n}{section.6.1}% 14
\BOOKMARK [3][-]{subsubsection.6.1.1.1}{\376\377\0006\000.\0001\000.\0001\000.\0001\000\040\000S\000t\000u\000d\000e\000n\000t\000a\000s\000\050\000\051\000\040\000[\0001\000/\0004\000]}{subsection.6.1.1}% 15
\BOOKMARK [3][-]{subsubsection.6.1.1.2}{\376\377\0006\000.\0001\000.\0001\000.\0002\000\040\000S\000t\000u\000d\000e\000n\000t\000a\000s\000\050\000\051\000\040\000[\0002\000/\0004\000]}{subsection.6.1.1}% 16
\BOOKMARK [3][-]{subsubsection.6.1.1.3}{\376\377\0006\000.\0001\000.\0001\000.\0003\000\040\000~\000S\000t\000u\000d\000e\000n\000t\000a\000s\000\050\000\051}{subsection.6.1.1}% 17
\BOOKMARK [3][-]{subsubsection.6.1.1.4}{\376\377\0006\000.\0001\000.\0001\000.\0004\000\040\000S\000t\000u\000d\000e\000n\000t\000a\000s\000\050\000\051\000\040\000[\0003\000/\0004\000]}{subsection.6.1.1}% 18
\BOOKMARK [3][-]{subsubsection.6.1.1.5}{\376\377\0006\000.\0001\000.\0001\000.\0005\000\040\000S\000t\000u\000d\000e\000n\000t\000a\000s\000\050\000\051\000\040\000[\0004\000/\0004\000]}{subsection.6.1.1}% 19
\BOOKMARK [2][-]{subsection.6.1.2}{\376\377\0006\000.\0001\000.\0002\000\040\000M\000e\000m\000b\000e\000r\000\040\000F\000u\000n\000c\000t\000i\000o\000n\000\040\000D\000o\000c\000u\000m\000e\000n\000t\000a\000t\000i\000o\000n}{section.6.1}% 20
\BOOKMARK [3][-]{subsubsection.6.1.2.1}{\376\377\0006\000.\0001\000.\0002\000.\0001\000\040\000a\000d\000d\000P\000a\000z\000y\000m\000y\000s\000\050\000\051}{subsection.6.1.2}% 21
\BOOKMARK [3][-]{subsubsection.6.1.2.2}{\376\377\0006\000.\0001\000.\0002\000.\0002\000\040\000g\000a\000u\000t\000i\000V\000i\000d\000u\000r\000k\000i\000M\000e\000d\000i\000a\000n\000a\000\050\000\051}{subsection.6.1.2}% 22
\BOOKMARK [3][-]{subsubsection.6.1.2.3}{\376\377\0006\000.\0001\000.\0002\000.\0003\000\040\000g\000a\000u\000t\000i\000V\000i\000d\000u\000r\000k\000i\000V\000i\000d\000u\000t\000i\000n\000i\000\050\000\051}{subsection.6.1.2}% 23
\BOOKMARK [3][-]{subsubsection.6.1.2.4}{\376\377\0006\000.\0001\000.\0002\000.\0004\000\040\000g\000e\000t\000E\000g\000z\000a\000m\000i\000n\000o\000B\000a\000l\000a\000s\000\050\000\051}{subsection.6.1.2}% 24
\BOOKMARK [3][-]{subsubsection.6.1.2.5}{\376\377\0006\000.\0001\000.\0002\000.\0005\000\040\000g\000e\000t\000G\000a\000l\000u\000t\000i\000n\000i\000s\000M\000e\000d\000i\000a\000n\000a\000\050\000\051}{subsection.6.1.2}% 25
\BOOKMARK [3][-]{subsubsection.6.1.2.6}{\376\377\0006\000.\0001\000.\0002\000.\0006\000\040\000g\000e\000t\000G\000a\000l\000u\000t\000i\000n\000i\000s\000V\000i\000d\000u\000r\000k\000i\000s\000\050\000\051}{subsection.6.1.2}% 26
\BOOKMARK [3][-]{subsubsection.6.1.2.7}{\376\377\0006\000.\0001\000.\0002\000.\0007\000\040\000g\000e\000t\000N\000a\000m\000u\000D\000a\000r\000b\000a\000i\000\050\000\051}{subsection.6.1.2}% 27
\BOOKMARK [3][-]{subsubsection.6.1.2.8}{\376\377\0006\000.\0001\000.\0002\000.\0008\000\040\000g\000e\000t\000P\000a\000v\000a\000r\000d\000e\000\050\000\051}{subsection.6.1.2}% 28
\BOOKMARK [3][-]{subsubsection.6.1.2.9}{\376\377\0006\000.\0001\000.\0002\000.\0009\000\040\000g\000e\000t\000P\000a\000z\000y\000m\000i\000a\000i\000\050\000\051}{subsection.6.1.2}% 29
\BOOKMARK [3][-]{subsubsection.6.1.2.10}{\376\377\0006\000.\0001\000.\0002\000.\0001\0000\000\040\000g\000e\000t\000V\000a\000r\000d\000a\000s\000\050\000\051}{subsection.6.1.2}% 30
\BOOKMARK [3][-]{subsubsection.6.1.2.11}{\376\377\0006\000.\0001\000.\0002\000.\0001\0001\000\040\000o\000p\000e\000r\000a\000t\000o\000r\000=\000\050\000\051\000\040\000[\0001\000/\0002\000]}{subsection.6.1.2}% 31
\BOOKMARK [3][-]{subsubsection.6.1.2.12}{\376\377\0006\000.\0001\000.\0002\000.\0001\0002\000\040\000o\000p\000e\000r\000a\000t\000o\000r\000=\000\050\000\051\000\040\000[\0002\000/\0002\000]}{subsection.6.1.2}% 32
\BOOKMARK [3][-]{subsubsection.6.1.2.13}{\376\377\0006\000.\0001\000.\0002\000.\0001\0003\000\040\000s\000e\000t\000E\000g\000z\000a\000m\000i\000n\000o\000B\000a\000l\000a\000s\000\050\000\051}{subsection.6.1.2}% 33
\BOOKMARK [3][-]{subsubsection.6.1.2.14}{\376\377\0006\000.\0001\000.\0002\000.\0001\0004\000\040\000s\000e\000t\000G\000a\000l\000u\000t\000i\000n\000i\000s\000M\000e\000d\000i\000a\000n\000a\000\050\000\051}{subsection.6.1.2}% 34
\BOOKMARK [3][-]{subsubsection.6.1.2.15}{\376\377\0006\000.\0001\000.\0002\000.\0001\0005\000\040\000s\000e\000t\000G\000a\000l\000u\000t\000i\000n\000i\000s\000V\000i\000d\000u\000r\000k\000i\000s\000\050\000\051}{subsection.6.1.2}% 35
\BOOKMARK [3][-]{subsubsection.6.1.2.16}{\376\377\0006\000.\0001\000.\0002\000.\0001\0006\000\040\000s\000e\000t\000N\000a\000m\000u\000D\000a\000r\000b\000a\000i\000\050\000\051}{subsection.6.1.2}% 36
\BOOKMARK [3][-]{subsubsection.6.1.2.17}{\376\377\0006\000.\0001\000.\0002\000.\0001\0007\000\040\000s\000e\000t\000P\000a\000v\000a\000r\000d\000e\000\050\000\051}{subsection.6.1.2}% 37
\BOOKMARK [3][-]{subsubsection.6.1.2.18}{\376\377\0006\000.\0001\000.\0002\000.\0001\0008\000\040\000s\000e\000t\000P\000a\000z\000y\000m\000i\000a\000i\000\050\000\051}{subsection.6.1.2}% 38
\BOOKMARK [3][-]{subsubsection.6.1.2.19}{\376\377\0006\000.\0001\000.\0002\000.\0001\0009\000\040\000s\000e\000t\000V\000a\000r\000d\000a\000s\000\050\000\051}{subsection.6.1.2}% 39
\BOOKMARK [3][-]{subsubsection.6.1.2.20}{\376\377\0006\000.\0001\000.\0002\000.\0002\0000\000\040\000s\000u\000r\000u\000s\000i\000u\000o\000t\000i\000P\000a\000z\000y\000m\000i\000u\000s\000\050\000\051}{subsection.6.1.2}% 40
\BOOKMARK [3][-]{subsubsection.6.1.2.21}{\376\377\0006\000.\0001\000.\0002\000.\0002\0001\000\040\000W\000h\000o\000a\000m\000I\000\050\000\051}{subsection.6.1.2}% 41
\BOOKMARK [2][-]{subsection.6.1.3}{\376\377\0006\000.\0001\000.\0003\000\040\000F\000r\000i\000e\000n\000d\000s\000\040\000A\000n\000d\000\040\000R\000e\000l\000a\000t\000e\000d\000\040\000S\000y\000m\000b\000o\000l\000\040\000D\000o\000c\000u\000m\000e\000n\000t\000a\000t\000i\000o\000n}{section.6.1}% 42
\BOOKMARK [3][-]{subsubsection.6.1.3.1}{\376\377\0006\000.\0001\000.\0003\000.\0001\000\040\000o\000p\000e\000r\000a\000t\000o\000r\000<\000<}{subsection.6.1.3}% 43
\BOOKMARK [3][-]{subsubsection.6.1.3.2}{\376\377\0006\000.\0001\000.\0003\000.\0002\000\040\000o\000p\000e\000r\000a\000t\000o\000r\000>\000>}{subsection.6.1.3}% 44
\BOOKMARK [1][-]{section.6.2}{\376\377\0006\000.\0002\000\040\000T\000i\000m\000e\000r\000\040\000C\000l\000a\000s\000s\000\040\000R\000e\000f\000e\000r\000e\000n\000c\000e}{chapter.6}% 45
\BOOKMARK [2][-]{subsection.6.2.1}{\376\377\0006\000.\0002\000.\0001\000\040\000D\000e\000t\000a\000i\000l\000e\000d\000\040\000D\000e\000s\000c\000r\000i\000p\000t\000i\000o\000n}{section.6.2}% 46
\BOOKMARK [2][-]{subsection.6.2.2}{\376\377\0006\000.\0002\000.\0002\000\040\000C\000o\000n\000s\000t\000r\000u\000c\000t\000o\000r\000\040\000\046\000\040\000D\000e\000s\000t\000r\000u\000c\000t\000o\000r\000\040\000D\000o\000c\000u\000m\000e\000n\000t\000a\000t\000i\000o\000n}{section.6.2}% 47
\BOOKMARK [3][-]{subsubsection.6.2.2.1}{\376\377\0006\000.\0002\000.\0002\000.\0001\000\040\000T\000i\000m\000e\000r\000\050\000\051}{subsection.6.2.2}% 48
\BOOKMARK [2][-]{subsection.6.2.3}{\376\377\0006\000.\0002\000.\0003\000\040\000M\000e\000m\000b\000e\000r\000\040\000F\000u\000n\000c\000t\000i\000o\000n\000\040\000D\000o\000c\000u\000m\000e\000n\000t\000a\000t\000i\000o\000n}{section.6.2}% 49
\BOOKMARK [3][-]{subsubsection.6.2.3.1}{\376\377\0006\000.\0002\000.\0003\000.\0001\000\040\000e\000l\000a\000p\000s\000e\000d\000\050\000\051}{subsection.6.2.3}% 50
\BOOKMARK [3][-]{subsubsection.6.2.3.2}{\376\377\0006\000.\0002\000.\0003\000.\0002\000\040\000r\000e\000s\000e\000t\000\050\000\051}{subsection.6.2.3}% 51
\BOOKMARK [1][-]{section.6.3}{\376\377\0006\000.\0003\000\040\000Z\000m\000o\000g\000u\000s\000\040\000C\000l\000a\000s\000s\000\040\000R\000e\000f\000e\000r\000e\000n\000c\000e}{chapter.6}% 52
\BOOKMARK [2][-]{subsection.6.3.1}{\376\377\0006\000.\0003\000.\0001\000\040\000D\000e\000t\000a\000i\000l\000e\000d\000\040\000D\000e\000s\000c\000r\000i\000p\000t\000i\000o\000n}{section.6.3}% 53
\BOOKMARK [2][-]{subsection.6.3.2}{\376\377\0006\000.\0003\000.\0002\000\040\000C\000o\000n\000s\000t\000r\000u\000c\000t\000o\000r\000\040\000\046\000\040\000D\000e\000s\000t\000r\000u\000c\000t\000o\000r\000\040\000D\000o\000c\000u\000m\000e\000n\000t\000a\000t\000i\000o\000n}{section.6.3}% 54
\BOOKMARK [3][-]{subsubsection.6.3.2.1}{\376\377\0006\000.\0003\000.\0002\000.\0001\000\040\000Z\000m\000o\000g\000u\000s\000\050\000\051\000\040\000[\0001\000/\0002\000]}{subsection.6.3.2}% 55
\BOOKMARK [3][-]{subsubsection.6.3.2.2}{\376\377\0006\000.\0003\000.\0002\000.\0002\000\040\000Z\000m\000o\000g\000u\000s\000\050\000\051\000\040\000[\0002\000/\0002\000]}{subsection.6.3.2}% 56
\BOOKMARK [3][-]{subsubsection.6.3.2.3}{\376\377\0006\000.\0003\000.\0002\000.\0003\000\040\000~\000Z\000m\000o\000g\000u\000s\000\050\000\051}{subsection.6.3.2}% 57
\BOOKMARK [2][-]{subsection.6.3.3}{\376\377\0006\000.\0003\000.\0003\000\040\000M\000e\000m\000b\000e\000r\000\040\000F\000u\000n\000c\000t\000i\000o\000n\000\040\000D\000o\000c\000u\000m\000e\000n\000t\000a\000t\000i\000o\000n}{section.6.3}% 58
\BOOKMARK [3][-]{subsubsection.6.3.3.1}{\376\377\0006\000.\0003\000.\0003\000.\0001\000\040\000g\000e\000t\000P\000a\000v\000a\000r\000d\000e\000\050\000\051}{subsection.6.3.3}% 59
\BOOKMARK [3][-]{subsubsection.6.3.3.2}{\376\377\0006\000.\0003\000.\0003\000.\0002\000\040\000g\000e\000t\000V\000a\000r\000d\000a\000s\000\050\000\051}{subsection.6.3.3}% 60
\BOOKMARK [3][-]{subsubsection.6.3.3.3}{\376\377\0006\000.\0003\000.\0003\000.\0003\000\040\000s\000e\000t\000P\000a\000v\000a\000r\000d\000e\000\050\000\051}{subsection.6.3.3}% 61
\BOOKMARK [3][-]{subsubsection.6.3.3.4}{\376\377\0006\000.\0003\000.\0003\000.\0004\000\040\000s\000e\000t\000V\000a\000r\000d\000a\000s\000\050\000\051}{subsection.6.3.3}% 62
\BOOKMARK [3][-]{subsubsection.6.3.3.5}{\376\377\0006\000.\0003\000.\0003\000.\0005\000\040\000W\000h\000o\000a\000m\000I\000\050\000\051}{subsection.6.3.3}% 63
\BOOKMARK [2][-]{subsection.6.3.4}{\376\377\0006\000.\0003\000.\0004\000\040\000M\000e\000m\000b\000e\000r\000\040\000D\000a\000t\000a\000\040\000D\000o\000c\000u\000m\000e\000n\000t\000a\000t\000i\000o\000n}{section.6.3}% 64
\BOOKMARK [3][-]{subsubsection.6.3.4.1}{\376\377\0006\000.\0003\000.\0004\000.\0001\000\040\000p\000a\000v\000a\000r\000d\000e\000\137}{subsection.6.3.4}% 65
\BOOKMARK [3][-]{subsubsection.6.3.4.2}{\376\377\0006\000.\0003\000.\0004\000.\0002\000\040\000v\000a\000r\000d\000a\000s\000\137}{subsection.6.3.4}% 66
\BOOKMARK [0][-]{chapter.7}{\376\377\0007\000\040\000F\000i\000l\000e\000\040\000D\000o\000c\000u\000m\000e\000n\000t\000a\000t\000i\000o\000n}{}% 67
\BOOKMARK [1][-]{section.7.1}{\376\377\0007\000.\0001\000\040\000i\000n\000c\000l\000u\000d\000e\000/\000f\000u\000n\000c\000t\000i\000o\000n\000s\000.\000h\000\040\000F\000i\000l\000e\000\040\000R\000e\000f\000e\000r\000e\000n\000c\000e}{chapter.7}% 68
\BOOKMARK [2][-]{subsection.7.1.1}{\376\377\0007\000.\0001\000.\0001\000\040\000D\000e\000t\000a\000i\000l\000e\000d\000\040\000D\000e\000s\000c\000r\000i\000p\000t\000i\000o\000n}{section.7.1}% 69
\BOOKMARK [2][-]{subsection.7.1.2}{\376\377\0007\000.\0001\000.\0002\000\040\000F\000u\000n\000c\000t\000i\000o\000n\000\040\000D\000o\000c\000u\000m\000e\000n\000t\000a\000t\000i\000o\000n}{section.7.1}% 70
\BOOKMARK [3][-]{subsubsection.7.1.2.1}{\376\377\0007\000.\0001\000.\0002\000.\0001\000\040\000d\000u\000o\000m\000e\000n\000u\000A\000p\000d\000o\000r\000o\000j\000i\000m\000o\000T\000e\000s\000t\000a\000v\000i\000m\000a\000s\000\050\000\051}{subsection.7.1.2}% 71
\BOOKMARK [3][-]{subsubsection.7.1.2.2}{\376\377\0007\000.\0001\000.\0002\000.\0002\000\040\000f\000a\000i\000l\000o\000D\000u\000o\000m\000e\000n\000u\000A\000p\000d\000o\000r\000o\000j\000i\000m\000a\000s\000\050\000\051}{subsection.7.1.2}% 72
\BOOKMARK [3][-]{subsubsection.7.1.2.3}{\376\377\0007\000.\0001\000.\0002\000.\0003\000\040\000f\000a\000i\000l\000o\000K\000u\000r\000i\000m\000o\000T\000e\000s\000t\000a\000v\000i\000m\000a\000s\000\050\000\051}{subsection.7.1.2}% 73
\BOOKMARK [3][-]{subsubsection.7.1.2.4}{\376\377\0007\000.\0001\000.\0002\000.\0004\000\040\000f\000a\000i\000l\000o\000N\000u\000s\000k\000a\000i\000t\000y\000m\000a\000s\000\050\000\051}{subsection.7.1.2}% 74
\BOOKMARK [3][-]{subsubsection.7.1.2.5}{\376\377\0007\000.\0001\000.\0002\000.\0005\000\040\000f\000a\000i\000l\000u\000G\000e\000n\000e\000r\000a\000v\000i\000m\000a\000s\000\050\000\051}{subsection.7.1.2}% 75
\BOOKMARK [3][-]{subsubsection.7.1.2.6}{\376\377\0007\000.\0001\000.\0002\000.\0006\000\040\000g\000e\000n\000e\000r\000u\000o\000t\000i\000F\000a\000i\000l\000a\000\050\000\051}{subsection.7.1.2}% 76
\BOOKMARK [3][-]{subsubsection.7.1.2.7}{\376\377\0007\000.\0001\000.\0002\000.\0007\000\040\000g\000e\000n\000e\000r\000u\000o\000t\000i\000P\000a\000z\000y\000m\000i\000u\000s\000\050\000\051}{subsection.7.1.2}% 77
\BOOKMARK [3][-]{subsubsection.7.1.2.8}{\376\377\0007\000.\0001\000.\0002\000.\0008\000\040\000g\000e\000n\000e\000r\000u\000o\000t\000i\000S\000t\000u\000d\000e\000n\000t\000a\000\050\000\051}{subsection.7.1.2}% 78
\BOOKMARK [3][-]{subsubsection.7.1.2.9}{\376\377\0007\000.\0001\000.\0002\000.\0009\000\040\000i\000s\000v\000e\000s\000t\000i\000s\000\050\000\051}{subsection.7.1.2}% 79
\BOOKMARK [3][-]{subsubsection.7.1.2.10}{\376\377\0007\000.\0001\000.\0002\000.\0001\0000\000\040\000i\000s\000v\000e\000s\000t\000i\000s\000F\000a\000i\000l\000a\000s\000\050\000\051}{subsection.7.1.2}% 80
\BOOKMARK [3][-]{subsubsection.7.1.2.11}{\376\377\0007\000.\0001\000.\0002\000.\0001\0001\000\040\000i\000s\000v\000e\000s\000t\000i\000s\000K\000o\000n\000s\000o\000l\000e\000\050\000\051}{subsection.7.1.2}% 81
\BOOKMARK [3][-]{subsubsection.7.1.2.12}{\376\377\0007\000.\0001\000.\0002\000.\0001\0002\000\040\000i\000v\000e\000s\000t\000i\000s\000R\000a\000n\000k\000a\000\050\000\051}{subsection.7.1.2}% 82
\BOOKMARK [3][-]{subsubsection.7.1.2.13}{\376\377\0007\000.\0001\000.\0002\000.\0001\0003\000\040\000n\000u\000s\000k\000a\000i\000t\000y\000t\000i\000F\000a\000i\000l\000a\000\050\000\051}{subsection.7.1.2}% 83
\BOOKMARK [3][-]{subsubsection.7.1.2.14}{\376\377\0007\000.\0001\000.\0002\000.\0001\0004\000\040\000n\000u\000s\000k\000a\000i\000t\000y\000t\000i\000P\000a\000v\000a\000r\000d\000e\000\050\000\051}{subsection.7.1.2}% 84
\BOOKMARK [3][-]{subsubsection.7.1.2.15}{\376\377\0007\000.\0001\000.\0002\000.\0001\0005\000\040\000n\000u\000s\000k\000a\000i\000t\000y\000t\000i\000P\000a\000z\000y\000m\000i\000u\000s\000\050\000\051}{subsection.7.1.2}% 85
\BOOKMARK [3][-]{subsubsection.7.1.2.16}{\376\377\0007\000.\0001\000.\0002\000.\0001\0006\000\040\000n\000u\000s\000k\000a\000i\000t\000y\000t\000i\000V\000a\000r\000d\000a\000\050\000\051}{subsection.7.1.2}% 86
\BOOKMARK [3][-]{subsubsection.7.1.2.17}{\376\377\0007\000.\0001\000.\0002\000.\0001\0007\000\040\000r\000u\000l\000e\000O\000f\000F\000i\000v\000e\000T\000e\000s\000t\000a\000s\000\050\000\051}{subsection.7.1.2}% 87
\BOOKMARK [3][-]{subsubsection.7.1.2.18}{\376\377\0007\000.\0001\000.\0002\000.\0001\0008\000\040\000r\000u\000s\000i\000u\000o\000t\000i\000P\000a\000g\000a\000l\000M\000e\000d\000i\000a\000n\000a\000\050\000\051}{subsection.7.1.2}% 88
\BOOKMARK [3][-]{subsubsection.7.1.2.19}{\376\377\0007\000.\0001\000.\0002\000.\0001\0009\000\040\000r\000u\000s\000i\000u\000o\000t\000i\000P\000a\000g\000a\000l\000P\000a\000v\000a\000r\000d\000e\000\050\000\051}{subsection.7.1.2}% 89
\BOOKMARK [3][-]{subsubsection.7.1.2.20}{\376\377\0007\000.\0001\000.\0002\000.\0002\0000\000\040\000r\000u\000s\000i\000u\000o\000t\000i\000P\000a\000g\000a\000l\000V\000a\000r\000d\000a\000\050\000\051}{subsection.7.1.2}% 90
\BOOKMARK [3][-]{subsubsection.7.1.2.21}{\376\377\0007\000.\0001\000.\0002\000.\0002\0001\000\040\000r\000u\000s\000i\000u\000o\000t\000i\000P\000a\000g\000a\000l\000V\000i\000d\000u\000r\000k\000i\000\050\000\051}{subsection.7.1.2}% 91
\BOOKMARK [3][-]{subsubsection.7.1.2.22}{\376\377\0007\000.\0001\000.\0002\000.\0002\0002\000\040\000r\000u\000s\000i\000u\000o\000t\000i\000S\000t\000u\000d\000e\000n\000t\000u\000s\000\050\000\051}{subsection.7.1.2}% 92
\BOOKMARK [3][-]{subsubsection.7.1.2.23}{\376\377\0007\000.\0001\000.\0002\000.\0002\0003\000\040\000s\000k\000a\000i\000d\000y\000t\000i\000S\000t\000u\000d\000e\000n\000t\000u\000s\0001\000\050\000\051}{subsection.7.1.2}% 93
\BOOKMARK [3][-]{subsubsection.7.1.2.24}{\376\377\0007\000.\0001\000.\0002\000.\0002\0004\000\040\000s\000k\000a\000i\000d\000y\000t\000i\000S\000t\000u\000d\000e\000n\000t\000u\000s\0002\000\050\000\051}{subsection.7.1.2}% 94
\BOOKMARK [3][-]{subsubsection.7.1.2.25}{\376\377\0007\000.\0001\000.\0002\000.\0002\0005\000\040\000s\000k\000a\000i\000d\000y\000t\000i\000S\000t\000u\000d\000e\000n\000t\000u\000s\0003\000\050\000\051}{subsection.7.1.2}% 95
\BOOKMARK [3][-]{subsubsection.7.1.2.26}{\376\377\0007\000.\0001\000.\0002\000.\0002\0006\000\040\000s\000k\000a\000i\000t\000y\000t\000i\000S\000k\000a\000i\000c\000i\000u\000\050\000\051}{subsection.7.1.2}% 96
\BOOKMARK [3][-]{subsubsection.7.1.2.27}{\376\377\0007\000.\0001\000.\0002\000.\0002\0007\000\040\000s\000k\000a\000i\000t\000y\000t\000i\000Z\000o\000d\000i\000\050\000\051}{subsection.7.1.2}% 97
\BOOKMARK [3][-]{subsubsection.7.1.2.28}{\376\377\0007\000.\0001\000.\0002\000.\0002\0008\000\040\000s\000t\000u\000d\000e\000n\000t\000u\000D\000u\000o\000m\000e\000n\000u\000A\000p\000d\000o\000r\000o\000j\000i\000m\000a\000s\000\050\000\051}{subsection.7.1.2}% 98
\BOOKMARK [3][-]{subsubsection.7.1.2.29}{\376\377\0007\000.\0001\000.\0002\000.\0002\0009\000\040\000s\000u\000r\000u\000s\000i\000u\000o\000t\000i\000P\000a\000g\000a\000l\000P\000a\000s\000i\000r\000i\000n\000k\000i\000m\000a\000\050\000\051}{subsection.7.1.2}% 99
\BOOKMARK [3][-]{subsubsection.7.1.2.30}{\376\377\0007\000.\0001\000.\0002\000.\0003\0000\000\040\000s\000u\000s\000k\000a\000i\000c\000i\000u\000o\000t\000i\000G\000a\000l\000u\000t\000i\000n\000i\000\050\000\051}{subsection.7.1.2}% 100
\BOOKMARK [3][-]{subsubsection.7.1.2.31}{\376\377\0007\000.\0001\000.\0002\000.\0003\0001\000\040\000s\000u\000s\000k\000a\000i\000c\000i\000u\000o\000t\000i\000G\000a\000l\000u\000t\000i\000n\000i\000u\000s\000\050\000\051}{subsection.7.1.2}% 101
\BOOKMARK [3][-]{subsubsection.7.1.2.32}{\376\377\0007\000.\0001\000.\0002\000.\0003\0002\000\040\000s\000u\000s\000k\000a\000i\000c\000i\000u\000o\000t\000i\000S\000t\000u\000d\000e\000n\000t\000o\000G\000a\000l\000u\000t\000i\000n\000i\000u\000s\000\050\000\051}{subsection.7.1.2}% 102
\BOOKMARK [3][-]{subsubsection.7.1.2.33}{\376\377\0007\000.\0001\000.\0002\000.\0003\0003\000\040\000t\000e\000s\000t\000u\000o\000t\000i\000G\000r\000e\000i\000t\000i\000\050\000\051}{subsection.7.1.2}% 103
\BOOKMARK [3][-]{subsubsection.7.1.2.34}{\376\377\0007\000.\0001\000.\0002\000.\0003\0004\000\040\000t\000i\000k\000r\000i\000n\000t\000i\000\050\000\051}{subsection.7.1.2}% 104
\BOOKMARK [1][-]{section.7.2}{\376\377\0007\000.\0002\000\040\000f\000u\000n\000c\000t\000i\000o\000n\000s\000.\000h}{chapter.7}% 105
\BOOKMARK [1][-]{section.7.3}{\376\377\0007\000.\0003\000\040\000i\000n\000c\000l\000u\000d\000e\000/\000S\000t\000u\000d\000e\000n\000t\000a\000s\000.\000h\000\040\000F\000i\000l\000e\000\040\000R\000e\000f\000e\000r\000e\000n\000c\000e}{chapter.7}% 106
\BOOKMARK [2][-]{subsection.7.3.1}{\376\377\0007\000.\0003\000.\0001\000\040\000D\000e\000t\000a\000i\000l\000e\000d\000\040\000D\000e\000s\000c\000r\000i\000p\000t\000i\000o\000n}{section.7.3}% 107
\BOOKMARK [2][-]{subsection.7.3.2}{\376\377\0007\000.\0003\000.\0002\000\040\000T\000y\000p\000e\000d\000e\000f\000\040\000D\000o\000c\000u\000m\000e\000n\000t\000a\000t\000i\000o\000n}{section.7.3}% 108
\BOOKMARK [3][-]{subsubsection.7.3.2.1}{\376\377\0007\000.\0003\000.\0002\000.\0001\000\040\000C\000o\000m\000p\000a\000r\000a\000t\000o\000r}{subsection.7.3.2}% 109
\BOOKMARK [3][-]{subsubsection.7.3.2.2}{\376\377\0007\000.\0003\000.\0002\000.\0002\000\040\000S\000t\000u\000d\000e\000n\000t\000u\000K\000o\000n\000t\000e\000i\000n\000e\000r\000i\000s}{subsection.7.3.2}% 110
\BOOKMARK [2][-]{subsection.7.3.3}{\376\377\0007\000.\0003\000.\0003\000\040\000F\000u\000n\000c\000t\000i\000o\000n\000\040\000D\000o\000c\000u\000m\000e\000n\000t\000a\000t\000i\000o\000n}{section.7.3}% 111
\BOOKMARK [3][-]{subsubsection.7.3.3.1}{\376\377\0007\000.\0003\000.\0003\000.\0001\000\040\000s\000u\000r\000u\000s\000i\000u\000o\000t\000i\000S\000t\000u\000d\000e\000n\000t\000u\000s\000\050\000\051\000\040\000[\0001\000/\0002\000]}{subsection.7.3.3}% 112
\BOOKMARK [3][-]{subsubsection.7.3.3.2}{\376\377\0007\000.\0003\000.\0003\000.\0002\000\040\000s\000u\000r\000u\000s\000i\000u\000o\000t\000i\000S\000t\000u\000d\000e\000n\000t\000u\000s\000\050\000\051\000\040\000[\0002\000/\0002\000]}{subsection.7.3.3}% 113
\BOOKMARK [1][-]{section.7.4}{\376\377\0007\000.\0004\000\040\000S\000t\000u\000d\000e\000n\000t\000a\000s\000.\000h}{chapter.7}% 114
\BOOKMARK [1][-]{section.7.5}{\376\377\0007\000.\0005\000\040\000i\000n\000c\000l\000u\000d\000e\000/\000t\000i\000m\000e\000r\000.\000h\000\040\000F\000i\000l\000e\000\040\000R\000e\000f\000e\000r\000e\000n\000c\000e}{chapter.7}% 115
\BOOKMARK [1][-]{section.7.6}{\376\377\0007\000.\0006\000\040\000t\000i\000m\000e\000r\000.\000h}{chapter.7}% 116
\BOOKMARK [1][-]{section.7.7}{\376\377\0007\000.\0007\000\040\000i\000n\000c\000l\000u\000d\000e\000/\000Z\000m\000o\000g\000u\000s\000.\000h\000\040\000F\000i\000l\000e\000\040\000R\000e\000f\000e\000r\000e\000n\000c\000e}{chapter.7}% 117
\BOOKMARK [1][-]{section.7.8}{\376\377\0007\000.\0008\000\040\000Z\000m\000o\000g\000u\000s\000.\000h}{chapter.7}% 118
\BOOKMARK [1][-]{section.7.9}{\376\377\0007\000.\0009\000\040\000s\000r\000c\000/\000f\000u\000n\000c\000t\000i\000o\000n\000s\000.\000c\000p\000p\000\040\000F\000i\000l\000e\000\040\000R\000e\000f\000e\000r\000e\000n\000c\000e}{chapter.7}% 119
\BOOKMARK [2][-]{subsection.7.9.1}{\376\377\0007\000.\0009\000.\0001\000\040\000D\000e\000t\000a\000i\000l\000e\000d\000\040\000D\000e\000s\000c\000r\000i\000p\000t\000i\000o\000n}{section.7.9}% 120
\BOOKMARK [2][-]{subsection.7.9.2}{\376\377\0007\000.\0009\000.\0002\000\040\000F\000u\000n\000c\000t\000i\000o\000n\000\040\000D\000o\000c\000u\000m\000e\000n\000t\000a\000t\000i\000o\000n}{section.7.9}% 121
\BOOKMARK [3][-]{subsubsection.7.9.2.1}{\376\377\0007\000.\0009\000.\0002\000.\0001\000\040\000d\000u\000o\000m\000e\000n\000u\000A\000p\000d\000o\000r\000o\000j\000i\000m\000o\000T\000e\000s\000t\000a\000v\000i\000m\000a\000s\000\050\000\051}{subsection.7.9.2}% 122
\BOOKMARK [3][-]{subsubsection.7.9.2.2}{\376\377\0007\000.\0009\000.\0002\000.\0002\000\040\000f\000a\000i\000l\000o\000D\000u\000o\000m\000e\000n\000u\000A\000p\000d\000o\000r\000o\000j\000i\000m\000a\000s\000\050\000\051}{subsection.7.9.2}% 123
\BOOKMARK [3][-]{subsubsection.7.9.2.3}{\376\377\0007\000.\0009\000.\0002\000.\0003\000\040\000f\000a\000i\000l\000o\000K\000u\000r\000i\000m\000o\000T\000e\000s\000t\000a\000v\000i\000m\000a\000s\000\050\000\051}{subsection.7.9.2}% 124
\BOOKMARK [3][-]{subsubsection.7.9.2.4}{\376\377\0007\000.\0009\000.\0002\000.\0004\000\040\000f\000a\000i\000l\000o\000N\000u\000s\000k\000a\000i\000t\000y\000m\000a\000s\000\050\000\051}{subsection.7.9.2}% 125
\BOOKMARK [3][-]{subsubsection.7.9.2.5}{\376\377\0007\000.\0009\000.\0002\000.\0005\000\040\000f\000a\000i\000l\000u\000G\000e\000n\000e\000r\000a\000v\000i\000m\000a\000s\000\050\000\051}{subsection.7.9.2}% 126
\BOOKMARK [3][-]{subsubsection.7.9.2.6}{\376\377\0007\000.\0009\000.\0002\000.\0006\000\040\000g\000e\000n\000e\000r\000u\000o\000t\000i\000F\000a\000i\000l\000a\000\050\000\051}{subsection.7.9.2}% 127
\BOOKMARK [3][-]{subsubsection.7.9.2.7}{\376\377\0007\000.\0009\000.\0002\000.\0007\000\040\000g\000e\000n\000e\000r\000u\000o\000t\000i\000P\000a\000z\000y\000m\000i\000u\000s\000\050\000\051}{subsection.7.9.2}% 128
\BOOKMARK [3][-]{subsubsection.7.9.2.8}{\376\377\0007\000.\0009\000.\0002\000.\0008\000\040\000g\000e\000n\000e\000r\000u\000o\000t\000i\000S\000t\000u\000d\000e\000n\000t\000a\000\050\000\051}{subsection.7.9.2}% 129
\BOOKMARK [3][-]{subsubsection.7.9.2.9}{\376\377\0007\000.\0009\000.\0002\000.\0009\000\040\000i\000s\000v\000e\000s\000t\000i\000s\000\050\000\051}{subsection.7.9.2}% 130
\BOOKMARK [3][-]{subsubsection.7.9.2.10}{\376\377\0007\000.\0009\000.\0002\000.\0001\0000\000\040\000i\000s\000v\000e\000s\000t\000i\000s\000F\000a\000i\000l\000a\000s\000\050\000\051}{subsection.7.9.2}% 131
\BOOKMARK [3][-]{subsubsection.7.9.2.11}{\376\377\0007\000.\0009\000.\0002\000.\0001\0001\000\040\000i\000s\000v\000e\000s\000t\000i\000s\000K\000o\000n\000s\000o\000l\000e\000\050\000\051}{subsection.7.9.2}% 132
\BOOKMARK [3][-]{subsubsection.7.9.2.12}{\376\377\0007\000.\0009\000.\0002\000.\0001\0002\000\040\000i\000v\000e\000s\000t\000i\000s\000R\000a\000n\000k\000a\000\050\000\051}{subsection.7.9.2}% 133
\BOOKMARK [3][-]{subsubsection.7.9.2.13}{\376\377\0007\000.\0009\000.\0002\000.\0001\0003\000\040\000n\000u\000s\000k\000a\000i\000t\000y\000t\000i\000F\000a\000i\000l\000a\000\050\000\051}{subsection.7.9.2}% 134
\BOOKMARK [3][-]{subsubsection.7.9.2.14}{\376\377\0007\000.\0009\000.\0002\000.\0001\0004\000\040\000n\000u\000s\000k\000a\000i\000t\000y\000t\000i\000P\000a\000v\000a\000r\000d\000e\000\050\000\051}{subsection.7.9.2}% 135
\BOOKMARK [3][-]{subsubsection.7.9.2.15}{\376\377\0007\000.\0009\000.\0002\000.\0001\0005\000\040\000n\000u\000s\000k\000a\000i\000t\000y\000t\000i\000P\000a\000z\000y\000m\000i\000u\000s\000\050\000\051}{subsection.7.9.2}% 136
\BOOKMARK [3][-]{subsubsection.7.9.2.16}{\376\377\0007\000.\0009\000.\0002\000.\0001\0006\000\040\000n\000u\000s\000k\000a\000i\000t\000y\000t\000i\000V\000a\000r\000d\000a\000\050\000\051}{subsection.7.9.2}% 137
\BOOKMARK [3][-]{subsubsection.7.9.2.17}{\376\377\0007\000.\0009\000.\0002\000.\0001\0007\000\040\000r\000a\000n\000d\000o\000m\000I\000n\000t\000\050\000\051}{subsection.7.9.2}% 138
\BOOKMARK [3][-]{subsubsection.7.9.2.18}{\376\377\0007\000.\0009\000.\0002\000.\0001\0008\000\040\000r\000u\000l\000e\000O\000f\000F\000i\000v\000e\000T\000e\000s\000t\000a\000s\000\050\000\051}{subsection.7.9.2}% 139
\BOOKMARK [3][-]{subsubsection.7.9.2.19}{\376\377\0007\000.\0009\000.\0002\000.\0001\0009\000\040\000r\000u\000s\000i\000u\000o\000t\000i\000P\000a\000g\000a\000l\000M\000e\000d\000i\000a\000n\000a\000\050\000\051}{subsection.7.9.2}% 140
\BOOKMARK [3][-]{subsubsection.7.9.2.20}{\376\377\0007\000.\0009\000.\0002\000.\0002\0000\000\040\000r\000u\000s\000i\000u\000o\000t\000i\000P\000a\000g\000a\000l\000P\000a\000v\000a\000r\000d\000e\000\050\000\051}{subsection.7.9.2}% 141
\BOOKMARK [3][-]{subsubsection.7.9.2.21}{\376\377\0007\000.\0009\000.\0002\000.\0002\0001\000\040\000r\000u\000s\000i\000u\000o\000t\000i\000P\000a\000g\000a\000l\000V\000a\000r\000d\000a\000\050\000\051}{subsection.7.9.2}% 142
\BOOKMARK [3][-]{subsubsection.7.9.2.22}{\376\377\0007\000.\0009\000.\0002\000.\0002\0002\000\040\000r\000u\000s\000i\000u\000o\000t\000i\000P\000a\000g\000a\000l\000V\000i\000d\000u\000r\000k\000i\000\050\000\051}{subsection.7.9.2}% 143
\BOOKMARK [3][-]{subsubsection.7.9.2.23}{\376\377\0007\000.\0009\000.\0002\000.\0002\0003\000\040\000r\000u\000s\000i\000u\000o\000t\000i\000S\000t\000u\000d\000e\000n\000t\000u\000s\000\050\000\051}{subsection.7.9.2}% 144
\BOOKMARK [3][-]{subsubsection.7.9.2.24}{\376\377\0007\000.\0009\000.\0002\000.\0002\0004\000\040\000s\000k\000a\000i\000d\000y\000t\000i\000S\000t\000u\000d\000e\000n\000t\000u\000s\0001\000\050\000\051}{subsection.7.9.2}% 145
\BOOKMARK [3][-]{subsubsection.7.9.2.25}{\376\377\0007\000.\0009\000.\0002\000.\0002\0005\000\040\000s\000k\000a\000i\000d\000y\000t\000i\000S\000t\000u\000d\000e\000n\000t\000u\000s\0002\000\050\000\051}{subsection.7.9.2}% 146
\BOOKMARK [3][-]{subsubsection.7.9.2.26}{\376\377\0007\000.\0009\000.\0002\000.\0002\0006\000\040\000s\000k\000a\000i\000d\000y\000t\000i\000S\000t\000u\000d\000e\000n\000t\000u\000s\0003\000\050\000\051}{subsection.7.9.2}% 147
\BOOKMARK [3][-]{subsubsection.7.9.2.27}{\376\377\0007\000.\0009\000.\0002\000.\0002\0007\000\040\000s\000k\000a\000i\000t\000y\000t\000i\000S\000k\000a\000i\000c\000i\000u\000\050\000\051}{subsection.7.9.2}% 148
\BOOKMARK [3][-]{subsubsection.7.9.2.28}{\376\377\0007\000.\0009\000.\0002\000.\0002\0008\000\040\000s\000k\000a\000i\000t\000y\000t\000i\000Z\000o\000d\000i\000\050\000\051}{subsection.7.9.2}% 149
\BOOKMARK [3][-]{subsubsection.7.9.2.29}{\376\377\0007\000.\0009\000.\0002\000.\0002\0009\000\040\000s\000t\000u\000d\000e\000n\000t\000u\000D\000u\000o\000m\000e\000n\000u\000A\000p\000d\000o\000r\000o\000j\000i\000m\000a\000s\000\050\000\051}{subsection.7.9.2}% 150
\BOOKMARK [3][-]{subsubsection.7.9.2.30}{\376\377\0007\000.\0009\000.\0002\000.\0003\0000\000\040\000s\000u\000r\000u\000s\000i\000u\000o\000t\000i\000P\000a\000g\000a\000l\000P\000a\000s\000i\000r\000i\000n\000k\000i\000m\000a\000\050\000\051}{subsection.7.9.2}% 151
\BOOKMARK [3][-]{subsubsection.7.9.2.31}{\376\377\0007\000.\0009\000.\0002\000.\0003\0001\000\040\000s\000u\000s\000k\000a\000i\000c\000i\000u\000o\000t\000i\000G\000a\000l\000u\000t\000i\000n\000i\000\050\000\051}{subsection.7.9.2}% 152
\BOOKMARK [3][-]{subsubsection.7.9.2.32}{\376\377\0007\000.\0009\000.\0002\000.\0003\0002\000\040\000s\000u\000s\000k\000a\000i\000c\000i\000u\000o\000t\000i\000G\000a\000l\000u\000t\000i\000n\000i\000u\000s\000\050\000\051}{subsection.7.9.2}% 153
\BOOKMARK [3][-]{subsubsection.7.9.2.33}{\376\377\0007\000.\0009\000.\0002\000.\0003\0003\000\040\000s\000u\000s\000k\000a\000i\000c\000i\000u\000o\000t\000i\000S\000t\000u\000d\000e\000n\000t\000o\000G\000a\000l\000u\000t\000i\000n\000i\000u\000s\000\050\000\051}{subsection.7.9.2}% 154
\BOOKMARK [3][-]{subsubsection.7.9.2.34}{\376\377\0007\000.\0009\000.\0002\000.\0003\0004\000\040\000t\000e\000s\000t\000u\000o\000t\000i\000G\000r\000e\000i\000t\000i\000\050\000\051}{subsection.7.9.2}% 155
\BOOKMARK [3][-]{subsubsection.7.9.2.35}{\376\377\0007\000.\0009\000.\0002\000.\0003\0005\000\040\000t\000i\000k\000r\000i\000n\000t\000i\000\050\000\051}{subsection.7.9.2}% 156
\BOOKMARK [1][-]{section.7.10}{\376\377\0007\000.\0001\0000\000\040\000s\000r\000c\000/\000m\000a\000i\000n\000.\000c\000p\000p\000\040\000F\000i\000l\000e\000\040\000R\000e\000f\000e\000r\000e\000n\000c\000e}{chapter.7}% 157
\BOOKMARK [2][-]{subsection.7.10.1}{\376\377\0007\000.\0001\0000\000.\0001\000\040\000F\000u\000n\000c\000t\000i\000o\000n\000\040\000D\000o\000c\000u\000m\000e\000n\000t\000a\000t\000i\000o\000n}{section.7.10}% 158
\BOOKMARK [3][-]{subsubsection.7.10.1.1}{\376\377\0007\000.\0001\0000\000.\0001\000.\0001\000\040\000m\000a\000i\000n\000\050\000\051}{subsection.7.10.1}% 159
\BOOKMARK [1][-]{section.7.11}{\376\377\0007\000.\0001\0001\000\040\000s\000r\000c\000/\000S\000t\000u\000d\000e\000n\000t\000a\000s\000.\000c\000p\000p\000\040\000F\000i\000l\000e\000\040\000R\000e\000f\000e\000r\000e\000n\000c\000e}{chapter.7}% 160
\BOOKMARK [2][-]{subsection.7.11.1}{\376\377\0007\000.\0001\0001\000.\0001\000\040\000F\000u\000n\000c\000t\000i\000o\000n\000\040\000D\000o\000c\000u\000m\000e\000n\000t\000a\000t\000i\000o\000n}{section.7.11}% 161
\BOOKMARK [3][-]{subsubsection.7.11.1.1}{\376\377\0007\000.\0001\0001\000.\0001\000.\0001\000\040\000o\000p\000e\000r\000a\000t\000o\000r\000<\000<\000\050\000\051}{subsection.7.11.1}% 162
\BOOKMARK [3][-]{subsubsection.7.11.1.2}{\376\377\0007\000.\0001\0001\000.\0001\000.\0002\000\040\000o\000p\000e\000r\000a\000t\000o\000r\000>\000>\000\050\000\051}{subsection.7.11.1}% 163
\BOOKMARK [0][-]{section*.22}{\376\377\000I\000n\000d\000e\000x}{}% 164
